7/20/2026 10:44:42 AM-----Entering Submit
7/20/2026 10:47:56 AM-----Entering Submit
7/20/2026 11:04:49 AM-----Entering Submit
7/20/2026 11:33:51 AM-----Entering Submit
7/20/2026 11:33:53 AM-----EDCSPC submission failed:
OperatorID is missing
7/20/2026 11:34:23 AM-----Entering Submit
7/20/2026 11:34:24 AM-----EDCSPC submission failed:
OperatorID is missing
7/20/2026 11:35:14 AM-----Entering Submit
7/20/2026 11:35:15 AM-----EDCSPC submission failed:
OperatorID is missing
7/20/2026 11:35:58 AM-----EDCSPC submission failed:
OperatorID is missing
7/20/2026 1:33:51 PM-----Entering Submit
7/20/2026 1:34:24 PM-----Entering Submit
7/20/2026 1:38:07 PM-----Entering Submit
7/20/2026 1:38:13 PM-----EDCSPC submission failed:
OperatorID is missing
7/20/2026 1:39:46 PM-----Entering Submit
7/20/2026 2:05:22 PM-----Entering Submit
7/20/2026 2:34:49 PM-----Entering Submit
7/20/2026 2:35:25 PM-----EDCSPC submission succeeded
7/20/2026 2:35:39 PM-----Submit complete
7/20/2026 2:50:32 PM-----Entering Submit
7/20/2026 3:03:08 PM-----Entering Submit
7/20/2026 3:03:51 PM-----Entering Submit
7/20/2026 3:10:09 PM-----Entering Submit
7/20/2026 3:14:30 PM-----Entering Submit
